---
source: lexer/src/tests/mod.rs
expression: tokens.into_values_with_positions()
---
[
    (
        Newline,
        0..1,
    ),
    (
        Comment(
            " This is a comment.",
        ),
        1..21,
    ),
    (
        Newline,
        21..22,
    ),
    (
        Identifier(
            "this",
        ),
        22..26,
    ),
    (
        Assign,
        27..28,
    ),
    (
        Identifier(
            "code",
        ),
        29..33,
    ),
    (
        Newline,
        33..34,
    ),
    (
        Newline,
        34..35,
    ),
    (
        Comment(
            " There are no multiline comments",
        ),
        35..68,
    ),
    (
        Newline,
        68..69,
    ),
    (
        Comment(
            " Duuuuuuude!",
        ),
        69..82,
    ),
    (
        Newline,
        82..83,
    ),
    (
        Comment(
            " A set of singleline comments are already one multiline comment!",
        ),
        83..148,
    ),
    (
        Newline,
        148..149,
    ),
    (
        Identifier(
            "some_code",
        ),
        149..158,
    ),
    (
        Assign,
        159..160,
    ),
    (
        Identifier(
            "again",
        ),
        161..166,
    ),
    (
        Newline,
        166..167,
    ),
]
