---
source: lexer/src/tests/mod.rs
expression: tokens.into_values_with_positions()
---
[
    Ok(
        (
            Newline,
            0..1,
        ),
    ),
    Ok(
        (
            Identifier(
                "identifier",
            ),
            1..11,
        ),
    ),
    Ok(
        (
            Newline,
            11..12,
        ),
    ),
    Ok(
        (
            Identifier(
                "_prefixed_identifier",
            ),
            12..32,
        ),
    ),
    Ok(
        (
            Newline,
            32..33,
        ),
    ),
    Ok(
        (
            Identifier(
                "______what_about_that",
            ),
            33..54,
        ),
    ),
    Ok(
        (
            Newline,
            54..55,
        ),
    ),
    Ok(
        (
            Identifier(
                "_12345678",
            ),
            55..64,
        ),
    ),
    Ok(
        (
            Newline,
            64..65,
        ),
    ),
    Ok(
        (
            Identifier(
                "_",
            ),
            65..66,
        ),
    ),
    Ok(
        (
            Newline,
            66..67,
        ),
    ),
]
