---
source: lexer/src/tests/mod.rs
expression: tokens.into_values_with_positions()
---
[
    (
        Newline,
        0..1,
    ),
    (
        Identifier(
            "identifier",
        ),
        1..11,
    ),
    (
        Newline,
        11..12,
    ),
    (
        Identifier(
            "_prefixed_identifier",
        ),
        12..32,
    ),
    (
        Newline,
        32..33,
    ),
    (
        Identifier(
            "______what_about_that",
        ),
        33..54,
    ),
    (
        Newline,
        54..55,
    ),
    (
        Identifier(
            "_12345678",
        ),
        55..64,
    ),
    (
        Newline,
        64..65,
    ),
    (
        Identifier(
            "_",
        ),
        65..66,
    ),
    (
        Newline,
        66..67,
    ),
]
