---
source: lang/parser/src/tests/mod.rs
expression: code
---
Err(
    UnexpectedToken {
        token: Token {
            value: Assign,
            address: Address {
                source: Gc(UCell(UnsafeCell { .. }), 27),
                span: 1..2,
            },
        },
        expected: None,
    },
)
