---
source: lang/parser/src/tests/mod.rs
expression: code
---
Err(
    StaticNotAllowedHere {
        static_keyword_addr: Address {
            source: Source {
                filepath: "<test>",
                code: "\nstatic x = 0\n    ",
                line_starts: [
                    0,
                    1,
                    14,
                ],
            },
            span: 1..7,
        },
    },
)
