---
source: parser/src/tests/functions.rs
expression: code
---
Ok(
    [
        Function(
            Function {
                name: Spanned(
                    Identifier(
                        "multiarg",
                    ),
                    6..14,
                ),
                visibility: Global,
                arguments: [
                    Spanned(
                        Identifier(
                            "a",
                        ),
                        15..16,
                    ),
                    Spanned(
                        Identifier(
                            "b",
                        ),
                        18..19,
                    ),
                    Spanned(
                        Identifier(
                            "c",
                        ),
                        21..22,
                    ),
                ],
                body: Expr(
                    Spanned(
                        Block(
                            [
                                Return {
                                    value: Spanned(
                                        Add(
                                            Spanned(
                                                Add(
                                                    Spanned(
                                                        Identifier(
                                                            "a",
                                                        ),
                                                        37..38,
                                                    ),
                                                    Spanned(
                                                        Identifier(
                                                            "b",
                                                        ),
                                                        41..42,
                                                    ),
                                                ),
                                                37..42,
                                            ),
                                            Spanned(
                                                Identifier(
                                                    "c",
                                                ),
                                                45..46,
                                            ),
                                        ),
                                        37..46,
                                    ),
                                },
                            ],
                        ),
                        24..48,
                    ),
                ),
            },
        ),
    ],
)
