---
source: lexer/src/tests/mod.rs
expression: tokens.map(|x| x.into_values_with_positions())
---
Ok(
    [
        (
            Newline,
            0..1,
        ),
        (
            Identifier(
                "myvar",
            ),
            1..6,
        ),
        (
            Assign,
            7..8,
        ),
        (
            String(
                "abc",
            ),
            9..13,
        ),
        (
            Newline,
            14..15,
        ),
        (
            Newline,
            15..16,
        ),
        (
            Identifier(
                "la",
            ),
            16..18,
        ),
        (
            Assign,
            19..20,
        ),
        (
            Identifier(
                "myvar",
            ),
            21..26,
        ),
        (
            Slash,
            27..28,
        ),
        (
            String(
                "t",
            ),
            29..31,
        ),
        (
            Newline,
            32..33,
        ),
        (
            Identifier(
                "lb",
            ),
            33..35,
        ),
        (
            Assign,
            36..37,
        ),
        (
            Identifier(
                "myvar",
            ),
            38..43,
        ),
        (
            RoundingDownDiv,
            44..46,
        ),
        (
            String(
                "t",
            ),
            47..49,
        ),
        (
            Newline,
            50..51,
        ),
        (
            Identifier(
                "lc",
            ),
            51..53,
        ),
        (
            Assign,
            54..55,
        ),
        (
            Identifier(
                "myvar",
            ),
            56..61,
        ),
        (
            RoundingUpDiv,
            62..64,
        ),
        (
            String(
                "t",
            ),
            65..67,
        ),
        (
            Newline,
            68..69,
        ),
        (
            Identifier(
                "myvar",
            ),
            69..74,
        ),
        (
            DivAssign,
            75..77,
        ),
        (
            String(
                "a",
            ),
            78..80,
        ),
        (
            Newline,
            81..82,
        ),
        (
            Identifier(
                "myvar",
            ),
            82..87,
        ),
        (
            RoundingDownDivAssign,
            88..91,
        ),
        (
            String(
                "c",
            ),
            92..94,
        ),
        (
            Newline,
            95..96,
        ),
        (
            Identifier(
                "myvar",
            ),
            96..101,
        ),
        (
            RoundingUpDivAssign,
            102..105,
        ),
        (
            String(
                "b",
            ),
            106..108,
        ),
        (
            Newline,
            109..110,
        ),
        (
            Newline,
            110..111,
        ),
        (
            Identifier(
                "a",
            ),
            111..112,
        ),
        (
            Equals,
            113..115,
        ),
        (
            String(
                "a",
            ),
            116..118,
        ),
        (
            Newline,
            119..120,
        ),
        (
            Identifier(
                "b",
            ),
            120..121,
        ),
        (
            NotEquals,
            122..124,
        ),
        (
            String(
                "b",
            ),
            125..127,
        ),
        (
            Newline,
            128..129,
        ),
        (
            Identifier(
                "c",
            ),
            129..130,
        ),
        (
            LessOrEquals,
            131..133,
        ),
        (
            String(
                "c",
            ),
            134..136,
        ),
        (
            Newline,
            137..138,
        ),
        (
            Identifier(
                "d",
            ),
            138..139,
        ),
        (
            GreaterOrEquals,
            140..142,
        ),
        (
            String(
                "d",
            ),
            143..145,
        ),
        (
            Newline,
            146..147,
        ),
        (
            Identifier(
                "e",
            ),
            147..148,
        ),
        (
            Greater,
            149..150,
        ),
        (
            String(
                "e",
            ),
            151..153,
        ),
        (
            Newline,
            154..155,
        ),
        (
            Identifier(
                "f",
            ),
            155..156,
        ),
        (
            Less,
            157..158,
        ),
        (
            String(
                "f",
            ),
            159..161,
        ),
        (
            Newline,
            162..163,
        ),
        (
            Newline,
            163..164,
        ),
        (
            Identifier(
                "a",
            ),
            164..165,
        ),
        (
            Percent,
            166..167,
        ),
        (
            Identifier(
                "b",
            ),
            168..169,
        ),
        (
            Newline,
            169..170,
        ),
        (
            Newline,
            170..171,
        ),
        (
            Number(
                "5",
            ),
            171..172,
        ),
        (
            Percent,
            173..174,
        ),
        (
            Number(
                "2",
            ),
            175..176,
        ),
        (
            Equals,
            177..179,
        ),
        (
            Number(
                "1",
            ),
            180..181,
        ),
        (
            Newline,
            181..182,
        ),
    ],
)
